// Jest Snapshot v1, https://goo.gl/fbAQLP

exports[`TopBar Should render the TopBar 1`] = `
ShallowWrapper {
  "length": 1,
  Symbol(enzyme.__root__): [Circular],
  Symbol(enzyme.__unrendered__): <App />,
  Symbol(enzyme.__renderer__): Object {
    "batchedUpdates": [Function],
    "getNode": [Function],
    "render": [Function],
    "simulateEvent": [Function],
    "unmount": [Function],
  },
  Symbol(enzyme.__node__): Object {
    "instance": null,
    "key": undefined,
    "nodeType": "class",
    "props": Object {
      "children": Array [
        <Switch>
          <Route
            exact={undefined}
            path="*"
            render={[Function]}
            strict={undefined}
          />
        </Switch>,
        <Adapter>
          <Switch>
            <Switch>
              <Route
                exact={true}
                path="/todo"
                render={[Function]}
                strict={undefined}
              />
              <Route
                exact={undefined}
                path="*"
                render={[Function]}
                strict={undefined}
              />
            </Switch>
          </Switch>
          <Adapter
            className="bodyStyle"
          >
            <Switch>
              <Route
                exact={true}
                path="/"
                render={[Function]}
                strict={undefined}
              />
              <Route
                exact={true}
                path="/welcome"
                render={[Function]}
                strict={undefined}
              />
              <Route
                exact={true}
                path="/bye"
                render={[Function]}
                strict={undefined}
              />
              <Route
                exact={true}
                path="/todo"
                render={[Function]}
                strict={undefined}
              />
            </Switch>
          </Adapter>
        </Adapter>,
      ],
      "className": "layoutStyle",
    },
    "ref": null,
    "rendered": Array [
      Object {
        "instance": null,
        "key": undefined,
        "nodeType": "class",
        "props": Object {
          "children": Array [
            <Route
              exact={undefined}
              path="*"
              render={[Function]}
              strict={undefined}
            />,
          ],
        },
        "ref": null,
        "rendered": Array [
          Object {
            "instance": null,
            "key": "0",
            "nodeType": "class",
            "props": Object {
              "exact": undefined,
              "path": "*",
              "render": [Function],
              "strict": undefined,
            },
            "ref": null,
            "rendered": null,
            "type": [Function],
          },
        ],
        "type": [Function],
      },
      Object {
        "instance": null,
        "key": undefined,
        "nodeType": "class",
        "props": Object {
          "children": Array [
            <Switch>
              <Switch>
                <Route
                  exact={true}
                  path="/todo"
                  render={[Function]}
                  strict={undefined}
                />
                <Route
                  exact={undefined}
                  path="*"
                  render={[Function]}
                  strict={undefined}
                />
              </Switch>
            </Switch>,
            <Adapter
              className="bodyStyle"
            >
              <Switch>
                <Route
                  exact={true}
                  path="/"
                  render={[Function]}
                  strict={undefined}
                />
                <Route
                  exact={true}
                  path="/welcome"
                  render={[Function]}
                  strict={undefined}
                />
                <Route
                  exact={true}
                  path="/bye"
                  render={[Function]}
                  strict={undefined}
                />
                <Route
                  exact={true}
                  path="/todo"
                  render={[Function]}
                  strict={undefined}
                />
              </Switch>
            </Adapter>,
          ],
        },
        "ref": null,
        "rendered": Array [
          Object {
            "instance": null,
            "key": undefined,
            "nodeType": "class",
            "props": Object {
              "children": <Switch>
                <Route
                  exact={true}
                  path="/todo"
                  render={[Function]}
                  strict={undefined}
                />
                <Route
                  exact={undefined}
                  path="*"
                  render={[Function]}
                  strict={undefined}
                />
              </Switch>,
            },
            "ref": null,
            "rendered": Object {
              "instance": null,
              "key": undefined,
              "nodeType": "class",
              "props": Object {
                "children": Array [
                  <Route
                    exact={true}
                    path="/todo"
                    render={[Function]}
                    strict={undefined}
                  />,
                  <Route
                    exact={undefined}
                    path="*"
                    render={[Function]}
                    strict={undefined}
                  />,
                ],
              },
              "ref": null,
              "rendered": Array [
                Object {
                  "instance": null,
                  "key": "0",
                  "nodeType": "class",
                  "props": Object {
                    "exact": true,
                    "path": "/todo",
                    "render": [Function],
                    "strict": undefined,
                  },
                  "ref": null,
                  "rendered": null,
                  "type": [Function],
                },
                Object {
                  "instance": null,
                  "key": "1",
                  "nodeType": "class",
                  "props": Object {
                    "exact": undefined,
                    "path": "*",
                    "render": [Function],
                    "strict": undefined,
                  },
                  "ref": null,
                  "rendered": null,
                  "type": [Function],
                },
              ],
              "type": [Function],
            },
            "type": [Function],
          },
          Object {
            "instance": null,
            "key": undefined,
            "nodeType": "class",
            "props": Object {
              "children": <Switch>
                <Route
                  exact={true}
                  path="/"
                  render={[Function]}
                  strict={undefined}
                />
                <Route
                  exact={true}
                  path="/welcome"
                  render={[Function]}
                  strict={undefined}
                />
                <Route
                  exact={true}
                  path="/bye"
                  render={[Function]}
                  strict={undefined}
                />
                <Route
                  exact={true}
                  path="/todo"
                  render={[Function]}
                  strict={undefined}
                />
              </Switch>,
              "className": "bodyStyle",
            },
            "ref": null,
            "rendered": Object {
              "instance": null,
              "key": undefined,
              "nodeType": "class",
              "props": Object {
                "children": Array [
                  <Route
                    exact={true}
                    path="/"
                    render={[Function]}
                    strict={undefined}
                  />,
                  <Route
                    exact={true}
                    path="/welcome"
                    render={[Function]}
                    strict={undefined}
                  />,
                  <Route
                    exact={true}
                    path="/bye"
                    render={[Function]}
                    strict={undefined}
                  />,
                  <Route
                    exact={true}
                    path="/todo"
                    render={[Function]}
                    strict={undefined}
                  />,
                ],
              },
              "ref": null,
              "rendered": Array [
                Object {
                  "instance": null,
                  "key": "0",
                  "nodeType": "class",
                  "props": Object {
                    "exact": true,
                    "path": "/",
                    "render": [Function],
                    "strict": undefined,
                  },
                  "ref": null,
                  "rendered": null,
                  "type": [Function],
                },
                Object {
                  "instance": null,
                  "key": "1",
                  "nodeType": "class",
                  "props": Object {
                    "exact": true,
                    "path": "/welcome",
                    "render": [Function],
                    "strict": undefined,
                  },
                  "ref": null,
                  "rendered": null,
                  "type": [Function],
                },
                Object {
                  "instance": null,
                  "key": "2",
                  "nodeType": "class",
                  "props": Object {
                    "exact": true,
                    "path": "/bye",
                    "render": [Function],
                    "strict": undefined,
                  },
                  "ref": null,
                  "rendered": null,
                  "type": [Function],
                },
                Object {
                  "instance": null,
                  "key": "3",
                  "nodeType": "class",
                  "props": Object {
                    "exact": true,
                    "path": "/todo",
                    "render": [Function],
                    "strict": undefined,
                  },
                  "ref": null,
                  "rendered": null,
                  "type": [Function],
                },
              ],
              "type": [Function],
            },
            "type": [Function],
          },
        ],
        "type": [Function],
      },
    ],
    "type": [Function],
  },
  Symbol(enzyme.__nodes__): Array [
    Object {
      "instance": null,
      "key": undefined,
      "nodeType": "class",
      "props": Object {
        "children": Array [
          <Switch>
            <Route
              exact={undefined}
              path="*"
              render={[Function]}
              strict={undefined}
            />
          </Switch>,
          <Adapter>
            <Switch>
              <Switch>
                <Route
                  exact={true}
                  path="/todo"
                  render={[Function]}
                  strict={undefined}
                />
                <Route
                  exact={undefined}
                  path="*"
                  render={[Function]}
                  strict={undefined}
                />
              </Switch>
            </Switch>
            <Adapter
              className="bodyStyle"
            >
              <Switch>
                <Route
                  exact={true}
                  path="/"
                  render={[Function]}
                  strict={undefined}
                />
                <Route
                  exact={true}
                  path="/welcome"
                  render={[Function]}
                  strict={undefined}
                />
                <Route
                  exact={true}
                  path="/bye"
                  render={[Function]}
                  strict={undefined}
                />
                <Route
                  exact={true}
                  path="/todo"
                  render={[Function]}
                  strict={undefined}
                />
              </Switch>
            </Adapter>
          </Adapter>,
        ],
        "className": "layoutStyle",
      },
      "ref": null,
      "rendered": Array [
        Object {
          "instance": null,
          "key": undefined,
          "nodeType": "class",
          "props": Object {
            "children": Array [
              <Route
                exact={undefined}
                path="*"
                render={[Function]}
                strict={undefined}
              />,
            ],
          },
          "ref": null,
          "rendered": Array [
            Object {
              "instance": null,
              "key": "0",
              "nodeType": "class",
              "props": Object {
                "exact": undefined,
                "path": "*",
                "render": [Function],
                "strict": undefined,
              },
              "ref": null,
              "rendered": null,
              "type": [Function],
            },
          ],
          "type": [Function],
        },
        Object {
          "instance": null,
          "key": undefined,
          "nodeType": "class",
          "props": Object {
            "children": Array [
              <Switch>
                <Switch>
                  <Route
                    exact={true}
                    path="/todo"
                    render={[Function]}
                    strict={undefined}
                  />
                  <Route
                    exact={undefined}
                    path="*"
                    render={[Function]}
                    strict={undefined}
                  />
                </Switch>
              </Switch>,
              <Adapter
                className="bodyStyle"
              >
                <Switch>
                  <Route
                    exact={true}
                    path="/"
                    render={[Function]}
                    strict={undefined}
                  />
                  <Route
                    exact={true}
                    path="/welcome"
                    render={[Function]}
                    strict={undefined}
                  />
                  <Route
                    exact={true}
                    path="/bye"
                    render={[Function]}
                    strict={undefined}
                  />
                  <Route
                    exact={true}
                    path="/todo"
                    render={[Function]}
                    strict={undefined}
                  />
                </Switch>
              </Adapter>,
            ],
          },
          "ref": null,
          "rendered": Array [
            Object {
              "instance": null,
              "key": undefined,
              "nodeType": "class",
              "props": Object {
                "children": <Switch>
                  <Route
                    exact={true}
                    path="/todo"
                    render={[Function]}
                    strict={undefined}
                  />
                  <Route
                    exact={undefined}
                    path="*"
                    render={[Function]}
                    strict={undefined}
                  />
                </Switch>,
              },
              "ref": null,
              "rendered": Object {
                "instance": null,
                "key": undefined,
                "nodeType": "class",
                "props": Object {
                  "children": Array [
                    <Route
                      exact={true}
                      path="/todo"
                      render={[Function]}
                      strict={undefined}
                    />,
                    <Route
                      exact={undefined}
                      path="*"
                      render={[Function]}
                      strict={undefined}
                    />,
                  ],
                },
                "ref": null,
                "rendered": Array [
                  Object {
                    "instance": null,
                    "key": "0",
                    "nodeType": "class",
                    "props": Object {
                      "exact": true,
                      "path": "/todo",
                      "render": [Function],
                      "strict": undefined,
                    },
                    "ref": null,
                    "rendered": null,
                    "type": [Function],
                  },
                  Object {
                    "instance": null,
                    "key": "1",
                    "nodeType": "class",
                    "props": Object {
                      "exact": undefined,
                      "path": "*",
                      "render": [Function],
                      "strict": undefined,
                    },
                    "ref": null,
                    "rendered": null,
                    "type": [Function],
                  },
                ],
                "type": [Function],
              },
              "type": [Function],
            },
            Object {
              "instance": null,
              "key": undefined,
              "nodeType": "class",
              "props": Object {
                "children": <Switch>
                  <Route
                    exact={true}
                    path="/"
                    render={[Function]}
                    strict={undefined}
                  />
                  <Route
                    exact={true}
                    path="/welcome"
                    render={[Function]}
                    strict={undefined}
                  />
                  <Route
                    exact={true}
                    path="/bye"
                    render={[Function]}
                    strict={undefined}
                  />
                  <Route
                    exact={true}
                    path="/todo"
                    render={[Function]}
                    strict={undefined}
                  />
                </Switch>,
                "className": "bodyStyle",
              },
              "ref": null,
              "rendered": Object {
                "instance": null,
                "key": undefined,
                "nodeType": "class",
                "props": Object {
                  "children": Array [
                    <Route
                      exact={true}
                      path="/"
                      render={[Function]}
                      strict={undefined}
                    />,
                    <Route
                      exact={true}
                      path="/welcome"
                      render={[Function]}
                      strict={undefined}
                    />,
                    <Route
                      exact={true}
                      path="/bye"
                      render={[Function]}
                      strict={undefined}
                    />,
                    <Route
                      exact={true}
                      path="/todo"
                      render={[Function]}
                      strict={undefined}
                    />,
                  ],
                },
                "ref": null,
                "rendered": Array [
                  Object {
                    "instance": null,
                    "key": "0",
                    "nodeType": "class",
                    "props": Object {
                      "exact": true,
                      "path": "/",
                      "render": [Function],
                      "strict": undefined,
                    },
                    "ref": null,
                    "rendered": null,
                    "type": [Function],
                  },
                  Object {
                    "instance": null,
                    "key": "1",
                    "nodeType": "class",
                    "props": Object {
                      "exact": true,
                      "path": "/welcome",
                      "render": [Function],
                      "strict": undefined,
                    },
                    "ref": null,
                    "rendered": null,
                    "type": [Function],
                  },
                  Object {
                    "instance": null,
                    "key": "2",
                    "nodeType": "class",
                    "props": Object {
                      "exact": true,
                      "path": "/bye",
                      "render": [Function],
                      "strict": undefined,
                    },
                    "ref": null,
                    "rendered": null,
                    "type": [Function],
                  },
                  Object {
                    "instance": null,
                    "key": "3",
                    "nodeType": "class",
                    "props": Object {
                      "exact": true,
                      "path": "/todo",
                      "render": [Function],
                      "strict": undefined,
                    },
                    "ref": null,
                    "rendered": null,
                    "type": [Function],
                  },
                ],
                "type": [Function],
              },
              "type": [Function],
            },
          ],
          "type": [Function],
        },
      ],
      "type": [Function],
    },
  ],
  Symbol(enzyme.__options__): Object {
    "adapter": ReactSixteenAdapter {
      "options": Object {
        "enableComponentDidUpdateOnSetState": true,
      },
    },
  },
}
`;
