// Jest Snapshot v1, https://goo.gl/fbAQLP

exports[`TopBar Should render the Home page 1`] = `
<div>
  Welcome to React ENFRAMR!
</div>
`;
