// Jest Snapshot v1, https://goo.gl/fbAQLP

exports[`Loading Should render the Loading 1`] = `
ShallowWrapper {
  "length": 1,
  Symbol(enzyme.__root__): [Circular],
  Symbol(enzyme.__unrendered__): <Loading />,
  Symbol(enzyme.__renderer__): Object {
    "batchedUpdates": [Function],
    "getNode": [Function],
    "render": [Function],
    "simulateEvent": [Function],
    "unmount": [Function],
  },
  Symbol(enzyme.__node__): Object {
    "instance": null,
    "key": undefined,
    "nodeType": "class",
    "props": Object {
      "children": <div />,
      "className": "spinner",
      "delay": 500,
      "indicator": <Icon
        spin={true}
        style={
          Object {
            "fontSize": 24,
          }
        }
        type="loading"
      />,
      "prefixCls": "ant-spin",
      "size": "large",
      "spinning": true,
      "tip": "Loading...",
      "wrapperClassName": "loadingContent",
    },
    "ref": null,
    "rendered": Object {
      "instance": null,
      "key": undefined,
      "nodeType": "host",
      "props": Object {},
      "ref": null,
      "rendered": null,
      "type": "div",
    },
    "type": [Function],
  },
  Symbol(enzyme.__nodes__): Array [
    Object {
      "instance": null,
      "key": undefined,
      "nodeType": "class",
      "props": Object {
        "children": <div />,
        "className": "spinner",
        "delay": 500,
        "indicator": <Icon
          spin={true}
          style={
            Object {
              "fontSize": 24,
            }
          }
          type="loading"
        />,
        "prefixCls": "ant-spin",
        "size": "large",
        "spinning": true,
        "tip": "Loading...",
        "wrapperClassName": "loadingContent",
      },
      "ref": null,
      "rendered": Object {
        "instance": null,
        "key": undefined,
        "nodeType": "host",
        "props": Object {},
        "ref": null,
        "rendered": null,
        "type": "div",
      },
      "type": [Function],
    },
  ],
  Symbol(enzyme.__options__): Object {
    "adapter": ReactSixteenAdapter {
      "options": Object {
        "enableComponentDidUpdateOnSetState": true,
      },
    },
  },
}
`;
